2026-04-27 22:06:53,913 INFO o.a.j.u.JMeterUtils: Setting Locale to en_EN
2026-04-27 22:06:53,941 INFO o.a.j.JMeter: Loading user properties from: /usr/local/Cellar/jmeter/5.6.3/libexec/bin/user.properties
2026-04-27 22:06:53,942 INFO o.a.j.JMeter: Loading system properties from: /usr/local/Cellar/jmeter/5.6.3/libexec/bin/system.properties
2026-04-27 22:06:53,943 INFO o.a.j.JMeter: Setting JMeter property: users=200
2026-04-27 22:06:53,943 INFO o.a.j.JMeter: Setting JMeter property: rampUp=20
2026-04-27 22:06:53,950 INFO o.a.j.JMeter: Copyright (c) 1998-2024 The Apache Software Foundation
2026-04-27 22:06:53,950 INFO o.a.j.JMeter: Version 5.6.3
2026-04-27 22:06:53,950 INFO o.a.j.JMeter: java.version=21.0.10
2026-04-27 22:06:53,950 INFO o.a.j.JMeter: java.vm.name=OpenJDK 64-Bit Server VM
2026-04-27 22:06:53,950 INFO o.a.j.JMeter: os.name=Mac OS X
2026-04-27 22:06:53,950 INFO o.a.j.JMeter: os.arch=x86_64
2026-04-27 22:06:53,950 INFO o.a.j.JMeter: os.version=15.5
2026-04-27 22:06:53,950 INFO o.a.j.JMeter: file.encoding=UTF-8
2026-04-27 22:06:53,951 INFO o.a.j.JMeter: java.awt.headless=true
2026-04-27 22:06:53,951 INFO o.a.j.JMeter: Max memory     =1073741824
2026-04-27 22:06:53,951 INFO o.a.j.JMeter: Available Processors =8
2026-04-27 22:06:53,960 INFO o.a.j.JMeter: Default Locale=English (EN)
2026-04-27 22:06:53,961 INFO o.a.j.JMeter: JMeter  Locale=English (EN)
2026-04-27 22:06:53,961 INFO o.a.j.JMeter: JMeterHome=/usr/local/Cellar/jmeter/5.6.3/libexec
2026-04-27 22:06:53,961 INFO o.a.j.JMeter: user.dir  =/Users/hyosik981010/Desktop/study/ticket
2026-04-27 22:06:53,961 INFO o.a.j.JMeter: PWD       =/Users/hyosik981010/Desktop/study/ticket
2026-04-27 22:06:53,963 INFO o.a.j.JMeter: IP: 127.0.0.1 Name: Kimhyosiks-MacBook-Air.local FullName: localhost
2026-04-27 22:06:53,977 INFO o.a.j.s.FileServer: Default base='/Users/hyosik981010/Desktop/study/ticket'
2026-04-27 22:06:53,982 INFO o.a.j.s.FileServer: Set new base='/Users/hyosik981010/Desktop/study/ticket/perf/jmeter'
2026-04-27 22:06:54,356 INFO o.a.j.s.SaveService: Testplan (JMX) version: 2.2. Testlog (JTL) version: 2.2
2026-04-27 22:06:54,417 INFO o.a.j.s.SaveService: Using SaveService properties version 5.0
2026-04-27 22:06:54,420 INFO o.a.j.s.SaveService: Using SaveService properties file encoding UTF-8
2026-04-27 22:06:54,423 INFO o.a.j.s.SaveService: Loading file: perf/jmeter/queue-slot-mixed-flow.jmx
2026-04-27 22:06:54,483 INFO o.a.j.p.h.s.HTTPSamplerBase: Parser for text/html is org.apache.jmeter.protocol.http.parser.LagartoBasedHtmlParser
2026-04-27 22:06:54,483 INFO o.a.j.p.h.s.HTTPSamplerBase: Parser for application/xhtml+xml is org.apache.jmeter.protocol.http.parser.LagartoBasedHtmlParser
2026-04-27 22:06:54,483 INFO o.a.j.p.h.s.HTTPSamplerBase: Parser for application/xml is org.apache.jmeter.protocol.http.parser.LagartoBasedHtmlParser
2026-04-27 22:06:54,483 INFO o.a.j.p.h.s.HTTPSamplerBase: Parser for text/xml is org.apache.jmeter.protocol.http.parser.LagartoBasedHtmlParser
2026-04-27 22:06:54,483 INFO o.a.j.p.h.s.HTTPSamplerBase: Parser for text/vnd.wap.wml is org.apache.jmeter.protocol.http.parser.RegexpHTMLParser
2026-04-27 22:06:54,483 INFO o.a.j.p.h.s.HTTPSamplerBase: Parser for text/css is org.apache.jmeter.protocol.http.parser.CssParser
2026-04-27 22:06:54,598 INFO o.a.j.JMeter: Creating summariser <summary>
2026-04-27 22:06:54,627 INFO o.a.j.e.StandardJMeterEngine: Running the test!
2026-04-27 22:06:54,629 INFO o.a.j.s.SampleEvent: List of sample_variables: []
2026-04-27 22:06:54,629 INFO o.a.j.s.SampleEvent: List of sample_variables: []
2026-04-27 22:06:54,632 INFO o.a.j.e.u.CompoundVariable: Note: Function class names must contain the string: '.functions.'
2026-04-27 22:06:54,633 INFO o.a.j.e.u.CompoundVariable: Note: Function class names must not contain the string: '.gui.'
2026-04-27 22:06:54,682 INFO o.a.j.r.ClassFinder: Will scan jar /usr/local/Cellar/jmeter/5.6.3/libexec/lib/ext/jmeter-plugins-manager-1.9.jar with filter ExtendsClassFilter [parents=[interface org.apache.jmeter.functions.Function], inner=false, contains=null, notContains=null]. Consider exposing JMeter plugins via META-INF/services, and add JMeter-Skip-Class-Scanning=true manifest attribute so JMeter can skip classfile scanning
2026-04-27 22:06:55,305 INFO o.a.j.JMeter: Running test (1777295215304)
2026-04-27 22:06:55,348 INFO o.a.j.e.StandardJMeterEngine: Starting ThreadGroup: 1 : 200 Users Mixed Flow
2026-04-27 22:06:55,354 INFO o.a.j.e.StandardJMeterEngine: Starting 200 threads for group 200 Users Mixed Flow.
2026-04-27 22:06:55,354 INFO o.a.j.e.StandardJMeterEngine: Thread will continue on error
2026-04-27 22:06:55,356 INFO o.a.j.t.ThreadGroup: Starting thread group... number=1 threads=200 ramp-up=20 delayedStart=false
2026-04-27 22:06:55,663 INFO o.a.j.t.JMeterThread: Thread started: 200 Users Mixed Flow 1-1
2026-04-27 22:06:55,674 INFO o.a.j.s.FileServer: Stored: perf/jmeter/users.csv
2026-04-27 22:06:55,700 INFO o.a.j.t.JMeterThread: Thread started: 200 Users Mixed Flow 1-2
2026-04-27 22:06:55,787 INFO o.a.j.t.JMeterThread: Thread started: 200 Users Mixed Flow 1-3
2026-04-27 22:06:55,818 INFO o.a.j.t.JMeterThread: Thread started: 200 Users Mixed Flow 1-4
2026-04-27 22:06:55,829 INFO o.a.j.p.h.s.HTTPHCAbstractImpl: Local host = Kimhyosiks-MacBook-Air.local
2026-04-27 22:06:55,842 INFO o.a.j.p.h.s.HTTPHC4Impl: HTTP request retry count = 0
2026-04-27 22:06:55,845 INFO o.a.j.s.SampleResult: Note: Sample TimeStamps are START times
2026-04-27 22:06:55,846 INFO o.a.j.s.SampleResult: sampleresult.default.encoding is set to UTF-8
2026-04-27 22:06:55,846 INFO o.a.j.s.SampleResult: sampleresult.useNanoTime=true
2026-04-27 22:06:55,846 INFO o.a.j.s.SampleResult: sampleresult.nanoThreadSleep=5000
2026-04-27 22:06:55,848 INFO o.a.j.t.ThreadGroup: Started thread group number 1
2026-04-27 22:06:55,848 INFO o.a.j.e.StandardJMeterEngine: All thread groups have been started
2026-04-27 22:06:55,917 INFO o.a.j.t.JMeterThread: Thread started: 200 Users Mixed Flow 1-5
2026-04-27 22:06:56,002 INFO o.a.j.t.JMeterThread: Thread started: 200 Users Mixed Flow 1-6
2026-04-27 22:06:56,096 INFO o.a.j.t.JMeterThread: Thread started: 200 Users Mixed Flow 1-7
2026-04-27 22:06:56,166 INFO o.a.j.t.JMeterThread: Thread started: 200 Users Mixed Flow 1-8
2026-04-27 22:06:56,269 INFO o.a.j.t.JMeterThread: Thread started: 200 Users Mixed Flow 1-9
2026-04-27 22:06:56,371 INFO o.a.j.t.JMeterThread: Thread started: 200 Users Mixed Flow 1-10
2026-04-27 22:06:56,456 INFO o.a.j.t.JMeterThread: Thread started: 200 Users Mixed Flow 1-11
2026-04-27 22:06:56,523 INFO o.a.j.t.JMeterThread: Thread started: 200 Users Mixed Flow 1-12
2026-04-27 22:06:56,622 INFO o.a.j.t.JMeterThread: Thread started: 200 Users Mixed Flow 1-13
2026-04-27 22:06:56,667 INFO o.a.j.t.JMeterThread: Thread started: 200 Users Mixed Flow 1-14
2026-04-27 22:06:56,776 INFO o.a.j.t.JMeterThread: Thread started: 200 Users Mixed Flow 1-15
2026-04-27 22:06:56,868 INFO o.a.j.t.JMeterThread: Thread started: 200 Users Mixed Flow 1-16
2026-04-27 22:06:56,976 INFO o.a.j.t.JMeterThread: Thread started: 200 Users Mixed Flow 1-17
2026-04-27 22:06:57,072 INFO o.a.j.t.JMeterThread: Thread started: 200 Users Mixed Flow 1-18
2026-04-27 22:06:57,167 INFO o.a.j.t.JMeterThread: Thread started: 200 Users Mixed Flow 1-19
2026-04-27 22:06:57,262 INFO o.a.j.t.JMeterThread: Thread started: 200 Users Mixed Flow 1-20
2026-04-27 22:06:57,382 INFO o.a.j.t.JMeterThread: Thread started: 200 Users Mixed Flow 1-21
2026-04-27 22:06:57,480 INFO o.a.j.t.JMeterThread: Thread started: 200 Users Mixed Flow 1-22
2026-04-27 22:06:57,579 INFO o.a.j.t.JMeterThread: Thread started: 200 Users Mixed Flow 1-23
2026-04-27 22:06:57,677 INFO o.a.j.t.JMeterThread: Thread started: 200 Users Mixed Flow 1-24
2026-04-27 22:06:57,765 INFO o.a.j.t.JMeterThread: Thread started: 200 Users Mixed Flow 1-25
2026-04-27 22:06:57,866 INFO o.a.j.t.JMeterThread: Thread started: 200 Users Mixed Flow 1-26
2026-04-27 22:06:57,966 INFO o.a.j.t.JMeterThread: Thread started: 200 Users Mixed Flow 1-27
2026-04-27 22:06:58,066 INFO o.a.j.t.JMeterThread: Thread started: 200 Users Mixed Flow 1-28
2026-04-27 22:06:58,168 INFO o.a.j.t.JMeterThread: Thread started: 200 Users Mixed Flow 1-29
2026-04-27 22:06:58,268 INFO o.a.j.t.JMeterThread: Thread started: 200 Users Mixed Flow 1-30
2026-04-27 22:06:58,366 INFO o.a.j.t.JMeterThread: Thread started: 200 Users Mixed Flow 1-31
2026-04-27 22:06:58,466 INFO o.a.j.t.JMeterThread: Thread started: 200 Users Mixed Flow 1-32
2026-04-27 22:06:58,558 INFO o.a.j.t.JMeterThread: Thread started: 200 Users Mixed Flow 1-33
2026-04-27 22:06:58,666 INFO o.a.j.t.JMeterThread: Thread started: 200 Users Mixed Flow 1-34
2026-04-27 22:06:58,764 INFO o.a.j.t.JMeterThread: Thread started: 200 Users Mixed Flow 1-35
2026-04-27 22:06:58,864 INFO o.a.j.t.JMeterThread: Thread started: 200 Users Mixed Flow 1-36
2026-04-27 22:06:58,960 INFO o.a.j.t.JMeterThread: Thread started: 200 Users Mixed Flow 1-37
2026-04-27 22:06:59,067 INFO o.a.j.t.JMeterThread: Thread started: 200 Users Mixed Flow 1-38
2026-04-27 22:06:59,165 INFO o.a.j.t.JMeterThread: Thread started: 200 Users Mixed Flow 1-39
2026-04-27 22:06:59,266 INFO o.a.j.t.JMeterThread: Thread started: 200 Users Mixed Flow 1-40
2026-04-27 22:06:59,364 INFO o.a.j.t.JMeterThread: Thread started: 200 Users Mixed Flow 1-41
2026-04-27 22:06:59,470 INFO o.a.j.t.JMeterThread: Thread started: 200 Users Mixed Flow 1-42
2026-04-27 22:06:59,562 INFO o.a.j.t.JMeterThread: Thread started: 200 Users Mixed Flow 1-43
2026-04-27 22:06:59,664 INFO o.a.j.t.JMeterThread: Thread started: 200 Users Mixed Flow 1-44
2026-04-27 22:06:59,759 INFO o.a.j.t.JMeterThread: Thread started: 200 Users Mixed Flow 1-45
2026-04-27 22:06:59,861 INFO o.a.j.t.JMeterThread: Thread started: 200 Users Mixed Flow 1-46
2026-04-27 22:06:59,961 INFO o.a.j.t.JMeterThread: Thread started: 200 Users Mixed Flow 1-47
2026-04-27 22:07:00,062 INFO o.a.j.t.JMeterThread: Thread started: 200 Users Mixed Flow 1-48
2026-04-27 22:07:00,070 INFO o.a.j.r.Summariser: summary +    165 in 00:00:05 =   34.7/s Avg:   131 Min:     0 Max:  1048 Err:     0 (0.00%) Active: 48 Started: 48 Finished: 0
2026-04-27 22:07:00,162 INFO o.a.j.t.JMeterThread: Thread started: 200 Users Mixed Flow 1-49
2026-04-27 22:07:00,260 INFO o.a.j.t.JMeterThread: Thread started: 200 Users Mixed Flow 1-50
2026-04-27 22:07:00,362 INFO o.a.j.t.JMeterThread: Thread started: 200 Users Mixed Flow 1-51
2026-04-27 22:07:00,462 INFO o.a.j.t.JMeterThread: Thread started: 200 Users Mixed Flow 1-52
2026-04-27 22:07:00,561 INFO o.a.j.t.JMeterThread: Thread started: 200 Users Mixed Flow 1-53
2026-04-27 22:07:00,661 INFO o.a.j.t.JMeterThread: Thread started: 200 Users Mixed Flow 1-54
2026-04-27 22:07:00,761 INFO o.a.j.t.JMeterThread: Thread started: 200 Users Mixed Flow 1-55
2026-04-27 22:07:00,864 INFO o.a.j.t.JMeterThread: Thread started: 200 Users Mixed Flow 1-56
2026-04-27 22:07:00,964 INFO o.a.j.t.JMeterThread: Thread started: 200 Users Mixed Flow 1-57
2026-04-27 22:07:01,064 INFO o.a.j.t.JMeterThread: Thread started: 200 Users Mixed Flow 1-58
2026-04-27 22:07:01,162 INFO o.a.j.t.JMeterThread: Thread started: 200 Users Mixed Flow 1-59
2026-04-27 22:07:01,259 INFO o.a.j.t.JMeterThread: Thread started: 200 Users Mixed Flow 1-60
2026-04-27 22:07:01,362 INFO o.a.j.t.JMeterThread: Thread started: 200 Users Mixed Flow 1-61
2026-04-27 22:07:01,461 INFO o.a.j.t.JMeterThread: Thread started: 200 Users Mixed Flow 1-62
2026-04-27 22:07:01,563 INFO o.a.j.t.JMeterThread: Thread started: 200 Users Mixed Flow 1-63
2026-04-27 22:07:01,659 INFO o.a.j.t.JMeterThread: Thread started: 200 Users Mixed Flow 1-64
2026-04-27 22:07:01,763 INFO o.a.j.t.JMeterThread: Thread started: 200 Users Mixed Flow 1-65
2026-04-27 22:07:01,862 INFO o.a.j.t.JMeterThread: Thread started: 200 Users Mixed Flow 1-66
2026-04-27 22:07:01,969 INFO o.a.j.t.JMeterThread: Thread started: 200 Users Mixed Flow 1-67
2026-04-27 22:07:02,060 INFO o.a.j.t.JMeterThread: Thread started: 200 Users Mixed Flow 1-68
2026-04-27 22:07:02,165 INFO o.a.j.t.JMeterThread: Thread started: 200 Users Mixed Flow 1-69
2026-04-27 22:07:02,270 INFO o.a.j.t.JMeterThread: Thread started: 200 Users Mixed Flow 1-70
2026-04-27 22:07:02,368 INFO o.a.j.t.JMeterThread: Thread started: 200 Users Mixed Flow 1-71
2026-04-27 22:07:02,464 INFO o.a.j.t.JMeterThread: Thread started: 200 Users Mixed Flow 1-72
2026-04-27 22:07:02,565 INFO o.a.j.t.JMeterThread: Thread started: 200 Users Mixed Flow 1-73
2026-04-27 22:07:02,662 INFO o.a.j.t.JMeterThread: Thread started: 200 Users Mixed Flow 1-74
2026-04-27 22:07:02,765 INFO o.a.j.t.JMeterThread: Thread started: 200 Users Mixed Flow 1-75
2026-04-27 22:07:02,860 INFO o.a.j.t.JMeterThread: Thread started: 200 Users Mixed Flow 1-76
2026-04-27 22:07:02,963 INFO o.a.j.t.JMeterThread: Thread started: 200 Users Mixed Flow 1-77
2026-04-27 22:07:03,060 INFO o.a.j.t.JMeterThread: Thread started: 200 Users Mixed Flow 1-78
2026-04-27 22:07:03,167 INFO o.a.j.t.JMeterThread: Thread started: 200 Users Mixed Flow 1-79
2026-04-27 22:07:03,259 INFO o.a.j.t.JMeterThread: Thread started: 200 Users Mixed Flow 1-80
2026-04-27 22:07:03,358 INFO o.a.j.t.JMeterThread: Thread started: 200 Users Mixed Flow 1-81
2026-04-27 22:07:03,458 INFO o.a.j.t.JMeterThread: Thread started: 200 Users Mixed Flow 1-82
2026-04-27 22:07:03,558 INFO o.a.j.t.JMeterThread: Thread started: 200 Users Mixed Flow 1-83
2026-04-27 22:07:03,664 INFO o.a.j.t.JMeterThread: Thread started: 200 Users Mixed Flow 1-84
2026-04-27 22:07:03,760 INFO o.a.j.t.JMeterThread: Thread started: 200 Users Mixed Flow 1-85
2026-04-27 22:07:03,862 INFO o.a.j.t.JMeterThread: Thread started: 200 Users Mixed Flow 1-86
2026-04-27 22:07:03,958 INFO o.a.j.t.JMeterThread: Thread started: 200 Users Mixed Flow 1-87
2026-04-27 22:07:04,062 INFO o.a.j.t.JMeterThread: Thread started: 200 Users Mixed Flow 1-88
2026-04-27 22:07:04,160 INFO o.a.j.t.JMeterThread: Thread started: 200 Users Mixed Flow 1-89
2026-04-27 22:07:04,260 INFO o.a.j.t.JMeterThread: Thread started: 200 Users Mixed Flow 1-90
2026-04-27 22:07:04,358 INFO o.a.j.t.JMeterThread: Thread started: 200 Users Mixed Flow 1-91
2026-04-27 22:07:04,458 INFO o.a.j.t.JMeterThread: Thread started: 200 Users Mixed Flow 1-92
2026-04-27 22:07:04,560 INFO o.a.j.t.JMeterThread: Thread started: 200 Users Mixed Flow 1-93
2026-04-27 22:07:04,659 INFO o.a.j.t.JMeterThread: Thread started: 200 Users Mixed Flow 1-94
2026-04-27 22:07:04,765 INFO o.a.j.t.JMeterThread: Thread started: 200 Users Mixed Flow 1-95
2026-04-27 22:07:04,861 INFO o.a.j.t.JMeterThread: Thread started: 200 Users Mixed Flow 1-96
2026-04-27 22:07:04,960 INFO o.a.j.t.JMeterThread: Thread started: 200 Users Mixed Flow 1-97
2026-04-27 22:07:05,059 INFO o.a.j.t.JMeterThread: Thread started: 200 Users Mixed Flow 1-98
2026-04-27 22:07:05,161 INFO o.a.j.t.JMeterThread: Thread started: 200 Users Mixed Flow 1-99
2026-04-27 22:07:05,261 INFO o.a.j.t.JMeterThread: Thread started: 200 Users Mixed Flow 1-100
2026-04-27 22:07:05,362 INFO o.a.j.t.JMeterThread: Thread started: 200 Users Mixed Flow 1-101
2026-04-27 22:07:05,462 INFO o.a.j.t.JMeterThread: Thread started: 200 Users Mixed Flow 1-102
2026-04-27 22:07:05,561 INFO o.a.j.t.JMeterThread: Thread started: 200 Users Mixed Flow 1-103
2026-04-27 22:07:05,661 INFO o.a.j.t.JMeterThread: Thread started: 200 Users Mixed Flow 1-104
2026-04-27 22:07:05,761 INFO o.a.j.t.JMeterThread: Thread started: 200 Users Mixed Flow 1-105
2026-04-27 22:07:05,858 INFO o.a.j.t.JMeterThread: Thread started: 200 Users Mixed Flow 1-106
2026-04-27 22:07:05,958 INFO o.a.j.t.JMeterThread: Thread started: 200 Users Mixed Flow 1-107
2026-04-27 22:07:06,060 INFO o.a.j.t.JMeterThread: Thread started: 200 Users Mixed Flow 1-108
2026-04-27 22:07:06,157 INFO o.a.j.t.JMeterThread: Thread started: 200 Users Mixed Flow 1-109
2026-04-27 22:07:06,258 INFO o.a.j.t.JMeterThread: Thread started: 200 Users Mixed Flow 1-110
2026-04-27 22:07:06,362 INFO o.a.j.t.JMeterThread: Thread started: 200 Users Mixed Flow 1-111
2026-04-27 22:07:06,457 INFO o.a.j.t.JMeterThread: Thread started: 200 Users Mixed Flow 1-112
2026-04-27 22:07:06,562 INFO o.a.j.t.JMeterThread: Thread started: 200 Users Mixed Flow 1-113
2026-04-27 22:07:06,661 INFO o.a.j.t.JMeterThread: Thread started: 200 Users Mixed Flow 1-114
2026-04-27 22:07:06,763 INFO o.a.j.t.JMeterThread: Thread started: 200 Users Mixed Flow 1-115
2026-04-27 22:07:06,859 INFO o.a.j.t.JMeterThread: Thread started: 200 Users Mixed Flow 1-116
2026-04-27 22:07:06,961 INFO o.a.j.t.JMeterThread: Thread started: 200 Users Mixed Flow 1-117
2026-04-27 22:07:07,060 INFO o.a.j.t.JMeterThread: Thread started: 200 Users Mixed Flow 1-118
2026-04-27 22:07:07,158 INFO o.a.j.t.JMeterThread: Thread started: 200 Users Mixed Flow 1-119
2026-04-27 22:07:07,257 INFO o.a.j.t.JMeterThread: Thread started: 200 Users Mixed Flow 1-120
2026-04-27 22:07:07,361 INFO o.a.j.t.JMeterThread: Thread started: 200 Users Mixed Flow 1-121
2026-04-27 22:07:07,461 INFO o.a.j.t.JMeterThread: Thread started: 200 Users Mixed Flow 1-122
2026-04-27 22:07:07,561 INFO o.a.j.t.JMeterThread: Thread started: 200 Users Mixed Flow 1-123
2026-04-27 22:07:07,658 INFO o.a.j.t.JMeterThread: Thread started: 200 Users Mixed Flow 1-124
2026-04-27 22:07:07,760 INFO o.a.j.t.JMeterThread: Thread started: 200 Users Mixed Flow 1-125
2026-04-27 22:07:07,859 INFO o.a.j.t.JMeterThread: Thread started: 200 Users Mixed Flow 1-126
2026-04-27 22:07:07,962 INFO o.a.j.t.JMeterThread: Thread started: 200 Users Mixed Flow 1-127
2026-04-27 22:07:08,060 INFO o.a.j.t.JMeterThread: Thread started: 200 Users Mixed Flow 1-128
2026-04-27 22:07:08,161 INFO o.a.j.t.JMeterThread: Thread started: 200 Users Mixed Flow 1-129
2026-04-27 22:07:08,259 INFO o.a.j.t.JMeterThread: Thread started: 200 Users Mixed Flow 1-130
2026-04-27 22:07:08,362 INFO o.a.j.t.JMeterThread: Thread started: 200 Users Mixed Flow 1-131
2026-04-27 22:07:08,464 INFO o.a.j.t.JMeterThread: Thread started: 200 Users Mixed Flow 1-132
2026-04-27 22:07:08,565 INFO o.a.j.t.JMeterThread: Thread started: 200 Users Mixed Flow 1-133
2026-04-27 22:07:08,659 INFO o.a.j.t.JMeterThread: Thread started: 200 Users Mixed Flow 1-134
2026-04-27 22:07:08,761 INFO o.a.j.t.JMeterThread: Thread started: 200 Users Mixed Flow 1-135
2026-04-27 22:07:08,862 INFO o.a.j.t.JMeterThread: Thread started: 200 Users Mixed Flow 1-136
2026-04-27 22:07:08,957 INFO o.a.j.t.JMeterThread: Thread started: 200 Users Mixed Flow 1-137
2026-04-27 22:07:09,059 INFO o.a.j.t.JMeterThread: Thread started: 200 Users Mixed Flow 1-138
2026-04-27 22:07:09,176 INFO o.a.j.t.JMeterThread: Thread started: 200 Users Mixed Flow 1-139
2026-04-27 22:07:09,276 INFO o.a.j.t.JMeterThread: Thread started: 200 Users Mixed Flow 1-140
2026-04-27 22:07:09,375 INFO o.a.j.t.JMeterThread: Thread started: 200 Users Mixed Flow 1-141
2026-04-27 22:07:09,474 INFO o.a.j.t.JMeterThread: Thread started: 200 Users Mixed Flow 1-142
2026-04-27 22:07:09,577 INFO o.a.j.t.JMeterThread: Thread started: 200 Users Mixed Flow 1-143
2026-04-27 22:07:09,673 INFO o.a.j.t.JMeterThread: Thread started: 200 Users Mixed Flow 1-144
2026-04-27 22:07:09,776 INFO o.a.j.t.JMeterThread: Thread started: 200 Users Mixed Flow 1-145
2026-04-27 22:07:09,863 INFO o.a.j.t.JMeterThread: Thread started: 200 Users Mixed Flow 1-146
2026-04-27 22:07:09,962 INFO o.a.j.t.JMeterThread: Thread started: 200 Users Mixed Flow 1-147
2026-04-27 22:07:10,059 INFO o.a.j.t.JMeterThread: Thread started: 200 Users Mixed Flow 1-148
2026-04-27 22:07:10,158 INFO o.a.j.t.JMeterThread: Thread started: 200 Users Mixed Flow 1-149
2026-04-27 22:07:10,258 INFO o.a.j.t.JMeterThread: Thread started: 200 Users Mixed Flow 1-150
2026-04-27 22:07:10,361 INFO o.a.j.t.JMeterThread: Thread started: 200 Users Mixed Flow 1-151
2026-04-27 22:07:10,461 INFO o.a.j.t.JMeterThread: Thread started: 200 Users Mixed Flow 1-152
2026-04-27 22:07:10,558 INFO o.a.j.t.JMeterThread: Thread started: 200 Users Mixed Flow 1-153
2026-04-27 22:07:10,660 INFO o.a.j.t.JMeterThread: Thread started: 200 Users Mixed Flow 1-154
2026-04-27 22:07:10,783 INFO o.a.j.t.JMeterThread: Thread started: 200 Users Mixed Flow 1-155
2026-04-27 22:07:10,863 INFO o.a.j.t.JMeterThread: Thread started: 200 Users Mixed Flow 1-156
2026-04-27 22:07:10,961 INFO o.a.j.t.JMeterThread: Thread started: 200 Users Mixed Flow 1-157
2026-04-27 22:07:11,062 INFO o.a.j.t.JMeterThread: Thread started: 200 Users Mixed Flow 1-158
2026-04-27 22:07:11,160 INFO o.a.j.t.JMeterThread: Thread started: 200 Users Mixed Flow 1-159
2026-04-27 22:07:11,262 INFO o.a.j.t.JMeterThread: Thread started: 200 Users Mixed Flow 1-160
2026-04-27 22:07:11,364 INFO o.a.j.t.JMeterThread: Thread started: 200 Users Mixed Flow 1-161
2026-04-27 22:07:11,461 INFO o.a.j.t.JMeterThread: Thread started: 200 Users Mixed Flow 1-162
2026-04-27 22:07:11,563 INFO o.a.j.t.JMeterThread: Thread started: 200 Users Mixed Flow 1-163
2026-04-27 22:07:11,658 INFO o.a.j.t.JMeterThread: Thread started: 200 Users Mixed Flow 1-164
2026-04-27 22:07:11,761 INFO o.a.j.t.JMeterThread: Thread started: 200 Users Mixed Flow 1-165
2026-04-27 22:07:11,861 INFO o.a.j.t.JMeterThread: Thread started: 200 Users Mixed Flow 1-166
2026-04-27 22:07:11,957 INFO o.a.j.t.JMeterThread: Thread started: 200 Users Mixed Flow 1-167
2026-04-27 22:07:12,059 INFO o.a.j.t.JMeterThread: Thread started: 200 Users Mixed Flow 1-168
2026-04-27 22:07:12,157 INFO o.a.j.t.JMeterThread: Thread started: 200 Users Mixed Flow 1-169
2026-04-27 22:07:12,260 INFO o.a.j.t.JMeterThread: Thread started: 200 Users Mixed Flow 1-170
2026-04-27 22:07:12,357 INFO o.a.j.t.JMeterThread: Thread started: 200 Users Mixed Flow 1-171
2026-04-27 22:07:12,459 INFO o.a.j.t.JMeterThread: Thread started: 200 Users Mixed Flow 1-172
2026-04-27 22:07:12,557 INFO o.a.j.t.JMeterThread: Thread started: 200 Users Mixed Flow 1-173
2026-04-27 22:07:12,657 INFO o.a.j.t.JMeterThread: Thread started: 200 Users Mixed Flow 1-174
2026-04-27 22:07:12,764 INFO o.a.j.t.JMeterThread: Thread started: 200 Users Mixed Flow 1-175
2026-04-27 22:07:12,862 INFO o.a.j.t.JMeterThread: Thread started: 200 Users Mixed Flow 1-176
2026-04-27 22:07:12,961 INFO o.a.j.t.JMeterThread: Thread started: 200 Users Mixed Flow 1-177
2026-04-27 22:07:13,070 INFO o.a.j.t.JMeterThread: Thread started: 200 Users Mixed Flow 1-178
2026-04-27 22:07:13,159 INFO o.a.j.t.JMeterThread: Thread started: 200 Users Mixed Flow 1-179
2026-04-27 22:07:13,261 INFO o.a.j.t.JMeterThread: Thread started: 200 Users Mixed Flow 1-180
2026-04-27 22:07:13,359 INFO o.a.j.t.JMeterThread: Thread started: 200 Users Mixed Flow 1-181
2026-04-27 22:07:13,462 INFO o.a.j.t.JMeterThread: Thread started: 200 Users Mixed Flow 1-182
2026-04-27 22:07:13,557 INFO o.a.j.t.JMeterThread: Thread started: 200 Users Mixed Flow 1-183
2026-04-27 22:07:13,662 INFO o.a.j.t.JMeterThread: Thread started: 200 Users Mixed Flow 1-184
2026-04-27 22:07:13,763 INFO o.a.j.t.JMeterThread: Thread started: 200 Users Mixed Flow 1-185
2026-04-27 22:07:13,862 INFO o.a.j.t.JMeterThread: Thread started: 200 Users Mixed Flow 1-186
2026-04-27 22:07:13,959 INFO o.a.j.t.JMeterThread: Thread started: 200 Users Mixed Flow 1-187
2026-04-27 22:07:14,063 INFO o.a.j.t.JMeterThread: Thread started: 200 Users Mixed Flow 1-188
2026-04-27 22:07:14,159 INFO o.a.j.t.JMeterThread: Thread started: 200 Users Mixed Flow 1-189
2026-04-27 22:07:14,258 INFO o.a.j.t.JMeterThread: Thread started: 200 Users Mixed Flow 1-190
2026-04-27 22:07:14,363 INFO o.a.j.t.JMeterThread: Thread started: 200 Users Mixed Flow 1-191
2026-04-27 22:07:14,459 INFO o.a.j.t.JMeterThread: Thread started: 200 Users Mixed Flow 1-192
2026-04-27 22:07:14,559 INFO o.a.j.t.JMeterThread: Thread started: 200 Users Mixed Flow 1-193
2026-04-27 22:07:14,658 INFO o.a.j.t.JMeterThread: Thread started: 200 Users Mixed Flow 1-194
2026-04-27 22:07:14,760 INFO o.a.j.t.JMeterThread: Thread started: 200 Users Mixed Flow 1-195
2026-04-27 22:07:14,858 INFO o.a.j.t.JMeterThread: Thread started: 200 Users Mixed Flow 1-196
2026-04-27 22:07:14,959 INFO o.a.j.t.JMeterThread: Thread started: 200 Users Mixed Flow 1-197
2026-04-27 22:07:15,061 INFO o.a.j.t.JMeterThread: Thread started: 200 Users Mixed Flow 1-198
2026-04-27 22:07:15,161 INFO o.a.j.t.JMeterThread: Thread started: 200 Users Mixed Flow 1-199
2026-04-27 22:07:15,257 INFO o.a.j.t.JMeterThread: Thread started: 200 Users Mixed Flow 1-200
2026-04-27 22:07:30,040 INFO o.a.j.r.Summariser: summary +   2569 in 00:00:30 =   85.7/s Avg:    12 Min:     0 Max:   295 Err:     0 (0.00%) Active: 200 Started: 200 Finished: 0
2026-04-27 22:07:30,050 INFO o.a.j.r.Summariser: summary =   2734 in 00:00:35 =   78.7/s Avg:    19 Min:     0 Max:  1048 Err:     0 (0.00%)
2026-04-27 22:08:00,042 INFO o.a.j.r.Summariser: summary +   2739 in 00:00:30 =   91.3/s Avg:     7 Min:     0 Max:   182 Err:     0 (0.00%) Active: 200 Started: 200 Finished: 0
2026-04-27 22:08:00,045 INFO o.a.j.r.Summariser: summary =   5473 in 00:01:05 =   84.5/s Avg:    13 Min:     0 Max:  1048 Err:     0 (0.00%)
2026-04-27 22:08:30,005 INFO o.a.j.r.Summariser: summary +   2719 in 00:00:30 =   90.7/s Avg:     7 Min:     0 Max:    23 Err:     0 (0.00%) Active: 200 Started: 200 Finished: 0
2026-04-27 22:08:30,008 INFO o.a.j.r.Summariser: summary =   8192 in 00:01:35 =   86.5/s Avg:    11 Min:     0 Max:  1048 Err:     0 (0.00%)
2026-04-27 22:09:00,021 INFO o.a.j.r.Summariser: summary +   2714 in 00:00:30 =   90.4/s Avg:     7 Min:     0 Max:   133 Err:     0 (0.00%) Active: 200 Started: 200 Finished: 0
2026-04-27 22:09:00,028 INFO o.a.j.r.Summariser: summary =  10906 in 00:02:05 =   87.4/s Avg:    10 Min:     0 Max:  1048 Err:     0 (0.00%)
2026-04-27 22:09:30,039 INFO o.a.j.r.Summariser: summary +   2657 in 00:00:30 =   88.5/s Avg:     8 Min:     0 Max:    29 Err:     0 (0.00%) Active: 200 Started: 200 Finished: 0
2026-04-27 22:09:30,042 INFO o.a.j.r.Summariser: summary =  13563 in 00:02:35 =   87.7/s Avg:    10 Min:     0 Max:  1048 Err:     0 (0.00%)
2026-04-27 22:10:00,083 INFO o.a.j.r.Summariser: summary +   2702 in 00:00:30 =   89.9/s Avg:     7 Min:     0 Max:    20 Err:     0 (0.00%) Active: 200 Started: 200 Finished: 0
2026-04-27 22:10:00,085 INFO o.a.j.r.Summariser: summary =  16265 in 00:03:05 =   88.0/s Avg:     9 Min:     0 Max:  1048 Err:     0 (0.00%)
2026-04-27 22:10:30,028 INFO o.a.j.r.Summariser: summary +   2685 in 00:00:30 =   89.7/s Avg:     7 Min:     1 Max:    44 Err:     0 (0.00%) Active: 200 Started: 200 Finished: 0
2026-04-27 22:10:30,039 INFO o.a.j.r.Summariser: summary =  18950 in 00:03:35 =   88.3/s Avg:     9 Min:     0 Max:  1048 Err:     0 (0.00%)
2026-04-27 22:11:00,075 INFO o.a.j.r.Summariser: summary +   2717 in 00:00:30 =   90.4/s Avg:     8 Min:     0 Max:    25 Err:     0 (0.00%) Active: 200 Started: 200 Finished: 0
2026-04-27 22:11:00,078 INFO o.a.j.r.Summariser: summary =  21667 in 00:04:05 =   88.5/s Avg:     9 Min:     0 Max:  1048 Err:     0 (0.00%)
2026-04-27 22:11:08,752 INFO o.a.j.t.JMeterThread: Thread is done: 200 Users Mixed Flow 1-122
2026-04-27 22:11:08,753 INFO o.a.j.t.JMeterThread: Thread finished: 200 Users Mixed Flow 1-122
2026-04-27 22:11:09,048 INFO o.a.j.t.JMeterThread: Thread is done: 200 Users Mixed Flow 1-124
2026-04-27 22:11:09,049 INFO o.a.j.t.JMeterThread: Thread finished: 200 Users Mixed Flow 1-124
2026-04-27 22:11:09,050 INFO o.a.j.t.JMeterThread: Thread is done: 200 Users Mixed Flow 1-123
2026-04-27 22:11:09,050 INFO o.a.j.t.JMeterThread: Thread finished: 200 Users Mixed Flow 1-123
2026-04-27 22:11:09,126 INFO o.a.j.t.JMeterThread: Thread is done: 200 Users Mixed Flow 1-125
2026-04-27 22:11:09,128 INFO o.a.j.t.JMeterThread: Thread finished: 200 Users Mixed Flow 1-125
2026-04-27 22:11:09,321 INFO o.a.j.t.JMeterThread: Thread is done: 200 Users Mixed Flow 1-126
2026-04-27 22:11:09,321 INFO o.a.j.t.JMeterThread: Thread finished: 200 Users Mixed Flow 1-126
2026-04-27 22:11:09,423 INFO o.a.j.t.JMeterThread: Thread is done: 200 Users Mixed Flow 1-127
2026-04-27 22:11:09,424 INFO o.a.j.t.JMeterThread: Thread finished: 200 Users Mixed Flow 1-127
2026-04-27 22:11:09,645 INFO o.a.j.t.JMeterThread: Thread is done: 200 Users Mixed Flow 1-129
2026-04-27 22:11:09,645 INFO o.a.j.t.JMeterThread: Thread finished: 200 Users Mixed Flow 1-129
2026-04-27 22:11:09,649 INFO o.a.j.t.JMeterThread: Thread is done: 200 Users Mixed Flow 1-128
2026-04-27 22:11:09,649 INFO o.a.j.t.JMeterThread: Thread finished: 200 Users Mixed Flow 1-128
2026-04-27 22:11:09,866 INFO o.a.j.t.JMeterThread: Thread is done: 200 Users Mixed Flow 1-130
2026-04-27 22:11:09,867 INFO o.a.j.t.JMeterThread: Thread finished: 200 Users Mixed Flow 1-130
2026-04-27 22:11:09,867 INFO o.a.j.t.JMeterThread: Thread is done: 200 Users Mixed Flow 1-131
2026-04-27 22:11:09,867 INFO o.a.j.t.JMeterThread: Thread finished: 200 Users Mixed Flow 1-131
2026-04-27 22:11:10,296 INFO o.a.j.t.JMeterThread: Thread is done: 200 Users Mixed Flow 1-132
2026-04-27 22:11:10,296 INFO o.a.j.t.JMeterThread: Thread finished: 200 Users Mixed Flow 1-132
2026-04-27 22:11:10,380 INFO o.a.j.t.JMeterThread: Thread is done: 200 Users Mixed Flow 1-136
2026-04-27 22:11:10,381 INFO o.a.j.t.JMeterThread: Thread finished: 200 Users Mixed Flow 1-136
2026-04-27 22:11:10,398 INFO o.a.j.t.JMeterThread: Thread is done: 200 Users Mixed Flow 1-134
2026-04-27 22:11:10,399 INFO o.a.j.t.JMeterThread: Thread finished: 200 Users Mixed Flow 1-134
2026-04-27 22:11:10,422 INFO o.a.j.t.JMeterThread: Thread is done: 200 Users Mixed Flow 1-133
2026-04-27 22:11:10,422 INFO o.a.j.t.JMeterThread: Thread finished: 200 Users Mixed Flow 1-133
2026-04-27 22:11:10,422 INFO o.a.j.t.JMeterThread: Thread is done: 200 Users Mixed Flow 1-135
2026-04-27 22:11:10,423 INFO o.a.j.t.JMeterThread: Thread finished: 200 Users Mixed Flow 1-135
2026-04-27 22:11:10,453 INFO o.a.j.t.JMeterThread: Thread is done: 200 Users Mixed Flow 1-137
2026-04-27 22:11:10,453 INFO o.a.j.t.JMeterThread: Thread finished: 200 Users Mixed Flow 1-137
2026-04-27 22:11:10,490 INFO o.a.j.t.JMeterThread: Thread is done: 200 Users Mixed Flow 1-138
2026-04-27 22:11:10,491 INFO o.a.j.t.JMeterThread: Thread finished: 200 Users Mixed Flow 1-138
2026-04-27 22:11:10,714 INFO o.a.j.t.JMeterThread: Thread is done: 200 Users Mixed Flow 1-140
2026-04-27 22:11:10,715 INFO o.a.j.t.JMeterThread: Thread finished: 200 Users Mixed Flow 1-140
2026-04-27 22:11:10,718 INFO o.a.j.t.JMeterThread: Thread is done: 200 Users Mixed Flow 1-139
2026-04-27 22:11:10,718 INFO o.a.j.t.JMeterThread: Thread finished: 200 Users Mixed Flow 1-139
2026-04-27 22:11:10,752 INFO o.a.j.t.JMeterThread: Thread is done: 200 Users Mixed Flow 1-141
2026-04-27 22:11:10,752 INFO o.a.j.t.JMeterThread: Thread finished: 200 Users Mixed Flow 1-141
2026-04-27 22:11:10,756 INFO o.a.j.t.JMeterThread: Thread is done: 200 Users Mixed Flow 1-142
2026-04-27 22:11:10,756 INFO o.a.j.t.JMeterThread: Thread finished: 200 Users Mixed Flow 1-142
2026-04-27 22:11:11,059 INFO o.a.j.t.JMeterThread: Thread is done: 200 Users Mixed Flow 1-143
2026-04-27 22:11:11,060 INFO o.a.j.t.JMeterThread: Thread finished: 200 Users Mixed Flow 1-143
2026-04-27 22:11:11,143 INFO o.a.j.t.JMeterThread: Thread is done: 200 Users Mixed Flow 1-144
2026-04-27 22:11:11,144 INFO o.a.j.t.JMeterThread: Thread is done: 200 Users Mixed Flow 1-145
2026-04-27 22:11:11,144 INFO o.a.j.t.JMeterThread: Thread finished: 200 Users Mixed Flow 1-144
2026-04-27 22:11:11,144 INFO o.a.j.t.JMeterThread: Thread finished: 200 Users Mixed Flow 1-145
2026-04-27 22:11:11,334 INFO o.a.j.t.JMeterThread: Thread is done: 200 Users Mixed Flow 1-146
2026-04-27 22:11:11,334 INFO o.a.j.t.JMeterThread: Thread finished: 200 Users Mixed Flow 1-146
2026-04-27 22:11:11,435 INFO o.a.j.t.JMeterThread: Thread is done: 200 Users Mixed Flow 1-5
2026-04-27 22:11:11,435 INFO o.a.j.t.JMeterThread: Thread is done: 200 Users Mixed Flow 1-147
2026-04-27 22:11:11,437 INFO o.a.j.t.JMeterThread: Thread finished: 200 Users Mixed Flow 1-147
2026-04-27 22:11:11,437 INFO o.a.j.t.JMeterThread: Thread finished: 200 Users Mixed Flow 1-5
2026-04-27 22:11:11,660 INFO o.a.j.t.JMeterThread: Thread is done: 200 Users Mixed Flow 1-148
2026-04-27 22:11:11,660 INFO o.a.j.t.JMeterThread: Thread is done: 200 Users Mixed Flow 1-149
2026-04-27 22:11:11,661 INFO o.a.j.t.JMeterThread: Thread finished: 200 Users Mixed Flow 1-148
2026-04-27 22:11:11,661 INFO o.a.j.t.JMeterThread: Thread finished: 200 Users Mixed Flow 1-149
2026-04-27 22:11:11,878 INFO o.a.j.t.JMeterThread: Thread is done: 200 Users Mixed Flow 1-150
2026-04-27 22:11:11,880 INFO o.a.j.t.JMeterThread: Thread is done: 200 Users Mixed Flow 1-37
2026-04-27 22:11:11,881 INFO o.a.j.t.JMeterThread: Thread finished: 200 Users Mixed Flow 1-37
2026-04-27 22:11:11,881 INFO o.a.j.t.JMeterThread: Thread finished: 200 Users Mixed Flow 1-150
2026-04-27 22:11:11,882 INFO o.a.j.t.JMeterThread: Thread is done: 200 Users Mixed Flow 1-151
2026-04-27 22:11:11,882 INFO o.a.j.t.JMeterThread: Thread finished: 200 Users Mixed Flow 1-151
2026-04-27 22:11:11,937 INFO o.a.j.t.JMeterThread: Thread is done: 200 Users Mixed Flow 1-152
2026-04-27 22:11:11,937 INFO o.a.j.t.JMeterThread: Thread finished: 200 Users Mixed Flow 1-152
2026-04-27 22:11:12,389 INFO o.a.j.t.JMeterThread: Thread is done: 200 Users Mixed Flow 1-155
2026-04-27 22:11:12,389 INFO o.a.j.t.JMeterThread: Thread is done: 200 Users Mixed Flow 1-153
2026-04-27 22:11:12,390 INFO o.a.j.t.JMeterThread: Thread finished: 200 Users Mixed Flow 1-155
2026-04-27 22:11:12,390 INFO o.a.j.t.JMeterThread: Thread finished: 200 Users Mixed Flow 1-153
2026-04-27 22:11:12,408 INFO o.a.j.t.JMeterThread: Thread is done: 200 Users Mixed Flow 1-156
2026-04-27 22:11:12,408 INFO o.a.j.t.JMeterThread: Thread is done: 200 Users Mixed Flow 1-2
2026-04-27 22:11:12,408 INFO o.a.j.t.JMeterThread: Thread is done: 200 Users Mixed Flow 1-19
2026-04-27 22:11:12,408 INFO o.a.j.t.JMeterThread: Thread is done: 200 Users Mixed Flow 1-1
2026-04-27 22:11:12,412 INFO o.a.j.t.JMeterThread: Thread finished: 200 Users Mixed Flow 1-156
2026-04-27 22:11:12,413 INFO o.a.j.t.JMeterThread: Thread finished: 200 Users Mixed Flow 1-2
2026-04-27 22:11:12,413 INFO o.a.j.t.JMeterThread: Thread finished: 200 Users Mixed Flow 1-19
2026-04-27 22:11:12,413 INFO o.a.j.t.JMeterThread: Thread finished: 200 Users Mixed Flow 1-1
2026-04-27 22:11:12,435 INFO o.a.j.t.JMeterThread: Thread is done: 200 Users Mixed Flow 1-154
2026-04-27 22:11:12,436 INFO o.a.j.t.JMeterThread: Thread finished: 200 Users Mixed Flow 1-154
2026-04-27 22:11:12,498 INFO o.a.j.t.JMeterThread: Thread is done: 200 Users Mixed Flow 1-157
2026-04-27 22:11:12,499 INFO o.a.j.t.JMeterThread: Thread is done: 200 Users Mixed Flow 1-12
2026-04-27 22:11:12,499 INFO o.a.j.t.JMeterThread: Thread finished: 200 Users Mixed Flow 1-157
2026-04-27 22:11:12,499 INFO o.a.j.t.JMeterThread: Thread finished: 200 Users Mixed Flow 1-12
2026-04-27 22:11:12,622 INFO o.a.j.t.JMeterThread: Thread is done: 200 Users Mixed Flow 1-10
2026-04-27 22:11:12,623 INFO o.a.j.t.JMeterThread: Thread finished: 200 Users Mixed Flow 1-10
2026-04-27 22:11:12,721 INFO o.a.j.t.JMeterThread: Thread is done: 200 Users Mixed Flow 1-158
2026-04-27 22:11:12,725 INFO o.a.j.t.JMeterThread: Thread finished: 200 Users Mixed Flow 1-158
2026-04-27 22:11:12,726 INFO o.a.j.t.JMeterThread: Thread is done: 200 Users Mixed Flow 1-160
2026-04-27 22:11:12,726 INFO o.a.j.t.JMeterThread: Thread is done: 200 Users Mixed Flow 1-159
2026-04-27 22:11:12,726 INFO o.a.j.t.JMeterThread: Thread finished: 200 Users Mixed Flow 1-160
2026-04-27 22:11:12,726 INFO o.a.j.t.JMeterThread: Thread finished: 200 Users Mixed Flow 1-159
2026-04-27 22:11:12,746 INFO o.a.j.t.JMeterThread: Thread is done: 200 Users Mixed Flow 1-162
2026-04-27 22:11:12,747 INFO o.a.j.t.JMeterThread: Thread is done: 200 Users Mixed Flow 1-161
2026-04-27 22:11:12,748 INFO o.a.j.t.JMeterThread: Thread finished: 200 Users Mixed Flow 1-162
2026-04-27 22:11:12,750 INFO o.a.j.t.JMeterThread: Thread finished: 200 Users Mixed Flow 1-161
2026-04-27 22:11:13,071 INFO o.a.j.t.JMeterThread: Thread is done: 200 Users Mixed Flow 1-163
2026-04-27 22:11:13,073 INFO o.a.j.t.JMeterThread: Thread finished: 200 Users Mixed Flow 1-163
2026-04-27 22:11:13,073 INFO o.a.j.t.JMeterThread: Thread is done: 200 Users Mixed Flow 1-164
2026-04-27 22:11:13,073 INFO o.a.j.t.JMeterThread: Thread finished: 200 Users Mixed Flow 1-164
2026-04-27 22:11:13,073 INFO o.a.j.t.JMeterThread: Thread is done: 200 Users Mixed Flow 1-31
2026-04-27 22:11:13,074 INFO o.a.j.t.JMeterThread: Thread finished: 200 Users Mixed Flow 1-31
2026-04-27 22:11:13,156 INFO o.a.j.t.JMeterThread: Thread is done: 200 Users Mixed Flow 1-165
2026-04-27 22:11:13,156 INFO o.a.j.t.JMeterThread: Thread finished: 200 Users Mixed Flow 1-165
2026-04-27 22:11:13,347 INFO o.a.j.t.JMeterThread: Thread is done: 200 Users Mixed Flow 1-166
2026-04-27 22:11:13,348 INFO o.a.j.t.JMeterThread: Thread finished: 200 Users Mixed Flow 1-166
2026-04-27 22:11:13,447 INFO o.a.j.t.JMeterThread: Thread is done: 200 Users Mixed Flow 1-167
2026-04-27 22:11:13,448 INFO o.a.j.t.JMeterThread: Thread finished: 200 Users Mixed Flow 1-167
2026-04-27 22:11:13,672 INFO o.a.j.t.JMeterThread: Thread is done: 200 Users Mixed Flow 1-169
2026-04-27 22:11:13,672 INFO o.a.j.t.JMeterThread: Thread is done: 200 Users Mixed Flow 1-168
2026-04-27 22:11:13,673 INFO o.a.j.t.JMeterThread: Thread finished: 200 Users Mixed Flow 1-169
2026-04-27 22:11:13,673 INFO o.a.j.t.JMeterThread: Thread finished: 200 Users Mixed Flow 1-168
2026-04-27 22:11:13,895 INFO o.a.j.t.JMeterThread: Thread is done: 200 Users Mixed Flow 1-171
2026-04-27 22:11:13,899 INFO o.a.j.t.JMeterThread: Thread is done: 200 Users Mixed Flow 1-170
2026-04-27 22:11:13,899 INFO o.a.j.t.JMeterThread: Thread is done: 200 Users Mixed Flow 1-172
2026-04-27 22:11:13,900 INFO o.a.j.t.JMeterThread: Thread finished: 200 Users Mixed Flow 1-171
2026-04-27 22:11:13,905 INFO o.a.j.t.JMeterThread: Thread finished: 200 Users Mixed Flow 1-170
2026-04-27 22:11:13,911 INFO o.a.j.t.JMeterThread: Thread finished: 200 Users Mixed Flow 1-172
2026-04-27 22:11:14,404 INFO o.a.j.t.JMeterThread: Thread is done: 200 Users Mixed Flow 1-175
2026-04-27 22:11:14,404 INFO o.a.j.t.JMeterThread: Thread is done: 200 Users Mixed Flow 1-173
2026-04-27 22:11:14,404 INFO o.a.j.t.JMeterThread: Thread is done: 200 Users Mixed Flow 1-176
2026-04-27 22:11:14,405 INFO o.a.j.t.JMeterThread: Thread finished: 200 Users Mixed Flow 1-175
2026-04-27 22:11:14,405 INFO o.a.j.t.JMeterThread: Thread finished: 200 Users Mixed Flow 1-173
2026-04-27 22:11:14,405 INFO o.a.j.t.JMeterThread: Thread finished: 200 Users Mixed Flow 1-176
2026-04-27 22:11:14,438 INFO o.a.j.t.JMeterThread: Thread is done: 200 Users Mixed Flow 1-50
2026-04-27 22:11:14,438 INFO o.a.j.t.JMeterThread: Thread finished: 200 Users Mixed Flow 1-50
2026-04-27 22:11:14,445 INFO o.a.j.t.JMeterThread: Thread is done: 200 Users Mixed Flow 1-174
2026-04-27 22:11:14,445 INFO o.a.j.t.JMeterThread: Thread finished: 200 Users Mixed Flow 1-174
2026-04-27 22:11:14,469 INFO o.a.j.t.JMeterThread: Thread is done: 200 Users Mixed Flow 1-177
2026-04-27 22:11:14,470 INFO o.a.j.t.JMeterThread: Thread finished: 200 Users Mixed Flow 1-177
2026-04-27 22:11:14,509 INFO o.a.j.t.JMeterThread: Thread is done: 200 Users Mixed Flow 1-179
2026-04-27 22:11:14,509 INFO o.a.j.t.JMeterThread: Thread finished: 200 Users Mixed Flow 1-179
2026-04-27 22:11:14,633 INFO o.a.j.t.JMeterThread: Thread is done: 200 Users Mixed Flow 1-178
2026-04-27 22:11:14,633 INFO o.a.j.t.JMeterThread: Thread finished: 200 Users Mixed Flow 1-178
2026-04-27 22:11:14,735 INFO o.a.j.t.JMeterThread: Thread is done: 200 Users Mixed Flow 1-180
2026-04-27 22:11:14,737 INFO o.a.j.t.JMeterThread: Thread finished: 200 Users Mixed Flow 1-180
2026-04-27 22:11:14,760 INFO o.a.j.t.JMeterThread: Thread is done: 200 Users Mixed Flow 1-181
2026-04-27 22:11:14,761 INFO o.a.j.t.JMeterThread: Thread finished: 200 Users Mixed Flow 1-181
2026-04-27 22:11:14,765 INFO o.a.j.t.JMeterThread: Thread is done: 200 Users Mixed Flow 1-182
2026-04-27 22:11:14,766 INFO o.a.j.t.JMeterThread: Thread finished: 200 Users Mixed Flow 1-182
2026-04-27 22:11:15,080 INFO o.a.j.t.JMeterThread: Thread is done: 200 Users Mixed Flow 1-184
2026-04-27 22:11:15,080 INFO o.a.j.t.JMeterThread: Thread is done: 200 Users Mixed Flow 1-183
2026-04-27 22:11:15,085 INFO o.a.j.t.JMeterThread: Thread finished: 200 Users Mixed Flow 1-183
2026-04-27 22:11:15,085 INFO o.a.j.t.JMeterThread: Thread finished: 200 Users Mixed Flow 1-184
2026-04-27 22:11:15,165 INFO o.a.j.t.JMeterThread: Thread is done: 200 Users Mixed Flow 1-42
2026-04-27 22:11:15,165 INFO o.a.j.t.JMeterThread: Thread is done: 200 Users Mixed Flow 1-185
2026-04-27 22:11:15,166 INFO o.a.j.t.JMeterThread: Thread finished: 200 Users Mixed Flow 1-42
2026-04-27 22:11:15,166 INFO o.a.j.t.JMeterThread: Thread finished: 200 Users Mixed Flow 1-185
2026-04-27 22:11:15,362 INFO o.a.j.t.JMeterThread: Thread is done: 200 Users Mixed Flow 1-186
2026-04-27 22:11:15,362 INFO o.a.j.t.JMeterThread: Thread is done: 200 Users Mixed Flow 1-49
2026-04-27 22:11:15,362 INFO o.a.j.t.JMeterThread: Thread finished: 200 Users Mixed Flow 1-49
2026-04-27 22:11:15,362 INFO o.a.j.t.JMeterThread: Thread finished: 200 Users Mixed Flow 1-186
2026-04-27 22:11:15,458 INFO o.a.j.t.JMeterThread: Thread is done: 200 Users Mixed Flow 1-187
2026-04-27 22:11:15,460 INFO o.a.j.t.JMeterThread: Thread finished: 200 Users Mixed Flow 1-187
2026-04-27 22:11:15,683 INFO o.a.j.t.JMeterThread: Thread is done: 200 Users Mixed Flow 1-72
2026-04-27 22:11:15,683 INFO o.a.j.t.JMeterThread: Thread is done: 200 Users Mixed Flow 1-189
2026-04-27 22:11:15,683 INFO o.a.j.t.JMeterThread: Thread finished: 200 Users Mixed Flow 1-72
2026-04-27 22:11:15,683 INFO o.a.j.t.JMeterThread: Thread is done: 200 Users Mixed Flow 1-188
2026-04-27 22:11:15,683 INFO o.a.j.t.JMeterThread: Thread finished: 200 Users Mixed Flow 1-189
2026-04-27 22:11:15,683 INFO o.a.j.t.JMeterThread: Thread finished: 200 Users Mixed Flow 1-188
2026-04-27 22:11:15,908 INFO o.a.j.t.JMeterThread: Thread is done: 200 Users Mixed Flow 1-190
2026-04-27 22:11:15,908 INFO o.a.j.t.JMeterThread: Thread is done: 200 Users Mixed Flow 1-192
2026-04-27 22:11:15,908 INFO o.a.j.t.JMeterThread: Thread is done: 200 Users Mixed Flow 1-191
2026-04-27 22:11:15,910 INFO o.a.j.t.JMeterThread: Thread finished: 200 Users Mixed Flow 1-191
2026-04-27 22:11:15,910 INFO o.a.j.t.JMeterThread: Thread finished: 200 Users Mixed Flow 1-192
2026-04-27 22:11:15,910 INFO o.a.j.t.JMeterThread: Thread finished: 200 Users Mixed Flow 1-190
2026-04-27 22:11:15,965 INFO o.a.j.t.JMeterThread: Thread is done: 200 Users Mixed Flow 1-32
2026-04-27 22:11:15,967 INFO o.a.j.t.JMeterThread: Thread finished: 200 Users Mixed Flow 1-32
2026-04-27 22:11:16,042 INFO o.a.j.t.JMeterThread: Thread is done: 200 Users Mixed Flow 1-35
2026-04-27 22:11:16,042 INFO o.a.j.t.JMeterThread: Thread finished: 200 Users Mixed Flow 1-35
2026-04-27 22:11:16,255 INFO o.a.j.t.JMeterThread: Thread is done: 200 Users Mixed Flow 1-195
2026-04-27 22:11:16,255 INFO o.a.j.t.JMeterThread: Thread finished: 200 Users Mixed Flow 1-195
2026-04-27 22:11:16,451 INFO o.a.j.t.JMeterThread: Thread is done: 200 Users Mixed Flow 1-67
2026-04-27 22:11:16,451 INFO o.a.j.t.JMeterThread: Thread is done: 200 Users Mixed Flow 1-194
2026-04-27 22:11:16,452 INFO o.a.j.t.JMeterThread: Thread finished: 200 Users Mixed Flow 1-67
2026-04-27 22:11:16,452 INFO o.a.j.t.JMeterThread: Thread finished: 200 Users Mixed Flow 1-194
2026-04-27 22:11:16,453 INFO o.a.j.t.JMeterThread: Thread is done: 200 Users Mixed Flow 1-193
2026-04-27 22:11:16,454 INFO o.a.j.t.JMeterThread: Thread finished: 200 Users Mixed Flow 1-193
2026-04-27 22:11:16,454 INFO o.a.j.t.JMeterThread: Thread is done: 200 Users Mixed Flow 1-196
2026-04-27 22:11:16,454 INFO o.a.j.t.JMeterThread: Thread finished: 200 Users Mixed Flow 1-196
2026-04-27 22:11:16,482 INFO o.a.j.t.JMeterThread: Thread is done: 200 Users Mixed Flow 1-197
2026-04-27 22:11:16,483 INFO o.a.j.t.JMeterThread: Thread finished: 200 Users Mixed Flow 1-197
2026-04-27 22:11:16,744 INFO o.a.j.t.JMeterThread: Thread is done: 200 Users Mixed Flow 1-8
2026-04-27 22:11:16,744 INFO o.a.j.t.JMeterThread: Thread is done: 200 Users Mixed Flow 1-199
2026-04-27 22:11:16,744 INFO o.a.j.t.JMeterThread: Thread is done: 200 Users Mixed Flow 1-198
2026-04-27 22:11:16,744 INFO o.a.j.t.JMeterThread: Thread finished: 200 Users Mixed Flow 1-199
2026-04-27 22:11:16,744 INFO o.a.j.t.JMeterThread: Thread finished: 200 Users Mixed Flow 1-8
2026-04-27 22:11:16,744 INFO o.a.j.t.JMeterThread: Thread finished: 200 Users Mixed Flow 1-198
2026-04-27 22:11:16,744 INFO o.a.j.t.JMeterThread: Thread is done: 200 Users Mixed Flow 1-200
2026-04-27 22:11:16,744 INFO o.a.j.t.JMeterThread: Thread finished: 200 Users Mixed Flow 1-200
2026-04-27 22:11:16,777 INFO o.a.j.t.JMeterThread: Thread is done: 200 Users Mixed Flow 1-76
2026-04-27 22:11:16,777 INFO o.a.j.t.JMeterThread: Thread finished: 200 Users Mixed Flow 1-76
2026-04-27 22:11:17,091 INFO o.a.j.t.JMeterThread: Thread is done: 200 Users Mixed Flow 1-85
2026-04-27 22:11:17,092 INFO o.a.j.t.JMeterThread: Thread finished: 200 Users Mixed Flow 1-85
2026-04-27 22:11:17,372 INFO o.a.j.t.JMeterThread: Thread is done: 200 Users Mixed Flow 1-55
2026-04-27 22:11:17,372 INFO o.a.j.t.JMeterThread: Thread finished: 200 Users Mixed Flow 1-55
2026-04-27 22:11:17,465 INFO o.a.j.t.JMeterThread: Thread is done: 200 Users Mixed Flow 1-44
2026-04-27 22:11:17,465 INFO o.a.j.t.JMeterThread: Thread is done: 200 Users Mixed Flow 1-56
2026-04-27 22:11:17,466 INFO o.a.j.t.JMeterThread: Thread finished: 200 Users Mixed Flow 1-44
2026-04-27 22:11:17,466 INFO o.a.j.t.JMeterThread: Thread finished: 200 Users Mixed Flow 1-56
2026-04-27 22:11:17,917 INFO o.a.j.t.JMeterThread: Thread is done: 200 Users Mixed Flow 1-28
2026-04-27 22:11:17,917 INFO o.a.j.t.JMeterThread: Thread finished: 200 Users Mixed Flow 1-28
2026-04-27 22:11:18,269 INFO o.a.j.t.JMeterThread: Thread is done: 200 Users Mixed Flow 1-15
2026-04-27 22:11:18,269 INFO o.a.j.t.JMeterThread: Thread finished: 200 Users Mixed Flow 1-15
2026-04-27 22:11:18,755 INFO o.a.j.t.JMeterThread: Thread is done: 200 Users Mixed Flow 1-62
2026-04-27 22:11:18,755 INFO o.a.j.t.JMeterThread: Thread finished: 200 Users Mixed Flow 1-62
2026-04-27 22:11:18,755 INFO o.a.j.t.JMeterThread: Thread is done: 200 Users Mixed Flow 1-93
2026-04-27 22:11:18,756 INFO o.a.j.t.JMeterThread: Thread finished: 200 Users Mixed Flow 1-93
2026-04-27 22:11:18,878 INFO o.a.j.t.JMeterThread: Thread is done: 200 Users Mixed Flow 1-46
2026-04-27 22:11:18,878 INFO o.a.j.t.JMeterThread: Thread finished: 200 Users Mixed Flow 1-46
2026-04-27 22:11:19,100 INFO o.a.j.t.JMeterThread: Thread is done: 200 Users Mixed Flow 1-16
2026-04-27 22:11:19,100 INFO o.a.j.t.JMeterThread: Thread finished: 200 Users Mixed Flow 1-16
2026-04-27 22:11:19,185 INFO o.a.j.t.JMeterThread: Thread is done: 200 Users Mixed Flow 1-109
2026-04-27 22:11:19,185 INFO o.a.j.t.JMeterThread: Thread finished: 200 Users Mixed Flow 1-109
2026-04-27 22:11:19,387 INFO o.a.j.t.JMeterThread: Thread is done: 200 Users Mixed Flow 1-26
2026-04-27 22:11:19,387 INFO o.a.j.t.JMeterThread: Thread is done: 200 Users Mixed Flow 1-61
2026-04-27 22:11:19,387 INFO o.a.j.t.JMeterThread: Thread is done: 200 Users Mixed Flow 1-17
2026-04-27 22:11:19,387 INFO o.a.j.t.JMeterThread: Thread finished: 200 Users Mixed Flow 1-61
2026-04-27 22:11:19,387 INFO o.a.j.t.JMeterThread: Thread finished: 200 Users Mixed Flow 1-26
2026-04-27 22:11:19,387 INFO o.a.j.t.JMeterThread: Thread finished: 200 Users Mixed Flow 1-17
2026-04-27 22:11:19,706 INFO o.a.j.t.JMeterThread: Thread is done: 200 Users Mixed Flow 1-63
2026-04-27 22:11:19,706 INFO o.a.j.t.JMeterThread: Thread is done: 200 Users Mixed Flow 1-51
2026-04-27 22:11:19,706 INFO o.a.j.t.JMeterThread: Thread finished: 200 Users Mixed Flow 1-51
2026-04-27 22:11:19,706 INFO o.a.j.t.JMeterThread: Thread finished: 200 Users Mixed Flow 1-63
2026-04-27 22:11:19,730 INFO o.a.j.t.JMeterThread: Thread is done: 200 Users Mixed Flow 1-117
2026-04-27 22:11:19,731 INFO o.a.j.t.JMeterThread: Thread finished: 200 Users Mixed Flow 1-117
2026-04-27 22:11:19,927 INFO o.a.j.t.JMeterThread: Thread is done: 200 Users Mixed Flow 1-33
2026-04-27 22:11:19,927 INFO o.a.j.t.JMeterThread: Thread finished: 200 Users Mixed Flow 1-33
2026-04-27 22:11:20,563 INFO o.a.j.t.JMeterThread: Thread is done: 200 Users Mixed Flow 1-116
2026-04-27 22:11:20,563 INFO o.a.j.t.JMeterThread: Thread finished: 200 Users Mixed Flow 1-116
2026-04-27 22:11:20,793 INFO o.a.j.t.JMeterThread: Thread is done: 200 Users Mixed Flow 1-53
2026-04-27 22:11:20,793 INFO o.a.j.t.JMeterThread: Thread finished: 200 Users Mixed Flow 1-53
2026-04-27 22:11:21,190 INFO o.a.j.t.JMeterThread: Thread is done: 200 Users Mixed Flow 1-121
2026-04-27 22:11:21,192 INFO o.a.j.t.JMeterThread: Thread finished: 200 Users Mixed Flow 1-121
2026-04-27 22:11:21,398 INFO o.a.j.t.JMeterThread: Thread is done: 200 Users Mixed Flow 1-58
2026-04-27 22:11:21,399 INFO o.a.j.t.JMeterThread: Thread finished: 200 Users Mixed Flow 1-58
2026-04-27 22:11:21,516 INFO o.a.j.t.JMeterThread: Thread is done: 200 Users Mixed Flow 1-71
2026-04-27 22:11:21,517 INFO o.a.j.t.JMeterThread: Thread finished: 200 Users Mixed Flow 1-71
2026-04-27 22:11:21,995 INFO o.a.j.t.JMeterThread: Thread is done: 200 Users Mixed Flow 1-66
2026-04-27 22:11:21,996 INFO o.a.j.t.JMeterThread: Thread finished: 200 Users Mixed Flow 1-66
2026-04-27 22:11:22,436 INFO o.a.j.t.JMeterThread: Thread is done: 200 Users Mixed Flow 1-6
2026-04-27 22:11:22,440 INFO o.a.j.t.JMeterThread: Thread finished: 200 Users Mixed Flow 1-6
2026-04-27 22:11:22,775 INFO o.a.j.t.JMeterThread: Thread is done: 200 Users Mixed Flow 1-97
2026-04-27 22:11:22,779 INFO o.a.j.t.JMeterThread: Thread finished: 200 Users Mixed Flow 1-97
2026-04-27 22:11:22,840 INFO o.a.j.t.JMeterThread: Thread is done: 200 Users Mixed Flow 1-114
2026-04-27 22:11:22,842 INFO o.a.j.t.JMeterThread: Thread finished: 200 Users Mixed Flow 1-114
2026-04-27 22:11:23,119 INFO o.a.j.t.JMeterThread: Thread is done: 200 Users Mixed Flow 1-7
2026-04-27 22:11:23,119 INFO o.a.j.t.JMeterThread: Thread is done: 200 Users Mixed Flow 1-48
2026-04-27 22:11:23,120 INFO o.a.j.t.JMeterThread: Thread finished: 200 Users Mixed Flow 1-7
2026-04-27 22:11:23,120 INFO o.a.j.t.JMeterThread: Thread finished: 200 Users Mixed Flow 1-48
2026-04-27 22:11:23,406 INFO o.a.j.t.JMeterThread: Thread is done: 200 Users Mixed Flow 1-86
2026-04-27 22:11:23,407 INFO o.a.j.t.JMeterThread: Thread finished: 200 Users Mixed Flow 1-86
2026-04-27 22:11:23,495 INFO o.a.j.t.JMeterThread: Thread is done: 200 Users Mixed Flow 1-80
2026-04-27 22:11:23,496 INFO o.a.j.t.JMeterThread: Thread finished: 200 Users Mixed Flow 1-80
2026-04-27 22:11:23,610 INFO o.a.j.t.JMeterThread: Thread is done: 200 Users Mixed Flow 1-111
2026-04-27 22:11:23,611 INFO o.a.j.t.JMeterThread: Thread finished: 200 Users Mixed Flow 1-111
2026-04-27 22:11:23,951 INFO o.a.j.t.JMeterThread: Thread is done: 200 Users Mixed Flow 1-27
2026-04-27 22:11:23,951 INFO o.a.j.t.JMeterThread: Thread is done: 200 Users Mixed Flow 1-60
2026-04-27 22:11:23,951 INFO o.a.j.t.JMeterThread: Thread is done: 200 Users Mixed Flow 1-25
2026-04-27 22:11:23,952 INFO o.a.j.t.JMeterThread: Thread finished: 200 Users Mixed Flow 1-27
2026-04-27 22:11:23,952 INFO o.a.j.t.JMeterThread: Thread finished: 200 Users Mixed Flow 1-25
2026-04-27 22:11:23,952 INFO o.a.j.t.JMeterThread: Thread finished: 200 Users Mixed Flow 1-60
2026-04-27 22:11:24,490 INFO o.a.j.t.JMeterThread: Thread is done: 200 Users Mixed Flow 1-24
2026-04-27 22:11:24,492 INFO o.a.j.t.JMeterThread: Thread finished: 200 Users Mixed Flow 1-24
2026-04-27 22:11:24,682 INFO o.a.j.t.JMeterThread: Thread is done: 200 Users Mixed Flow 1-36
2026-04-27 22:11:24,684 INFO o.a.j.t.JMeterThread: Thread finished: 200 Users Mixed Flow 1-36
2026-04-27 22:11:24,784 INFO o.a.j.t.JMeterThread: Thread is done: 200 Users Mixed Flow 1-47
2026-04-27 22:11:24,784 INFO o.a.j.t.JMeterThread: Thread finished: 200 Users Mixed Flow 1-47
2026-04-27 22:11:25,127 INFO o.a.j.t.JMeterThread: Thread is done: 200 Users Mixed Flow 1-3
2026-04-27 22:11:25,128 INFO o.a.j.t.JMeterThread: Thread finished: 200 Users Mixed Flow 1-3
2026-04-27 22:11:25,508 INFO o.a.j.t.JMeterThread: Thread is done: 200 Users Mixed Flow 1-69
2026-04-27 22:11:25,509 INFO o.a.j.t.JMeterThread: Thread finished: 200 Users Mixed Flow 1-69
2026-04-27 22:11:25,742 INFO o.a.j.t.JMeterThread: Thread is done: 200 Users Mixed Flow 1-39
2026-04-27 22:11:25,742 INFO o.a.j.t.JMeterThread: Thread finished: 200 Users Mixed Flow 1-39
2026-04-27 22:11:25,958 INFO o.a.j.t.JMeterThread: Thread is done: 200 Users Mixed Flow 1-108
2026-04-27 22:11:25,958 INFO o.a.j.t.JMeterThread: Thread finished: 200 Users Mixed Flow 1-108
2026-04-27 22:11:26,095 INFO o.a.j.t.JMeterThread: Thread is done: 200 Users Mixed Flow 1-96
2026-04-27 22:11:26,095 INFO o.a.j.t.JMeterThread: Thread finished: 200 Users Mixed Flow 1-96
2026-04-27 22:11:26,499 INFO o.a.j.t.JMeterThread: Thread is done: 200 Users Mixed Flow 1-104
2026-04-27 22:11:26,499 INFO o.a.j.t.JMeterThread: Thread finished: 200 Users Mixed Flow 1-104
2026-04-27 22:11:26,794 INFO o.a.j.t.JMeterThread: Thread is done: 200 Users Mixed Flow 1-23
2026-04-27 22:11:26,794 INFO o.a.j.t.JMeterThread: Thread finished: 200 Users Mixed Flow 1-23
2026-04-27 22:11:26,818 INFO o.a.j.t.JMeterThread: Thread is done: 200 Users Mixed Flow 1-88
2026-04-27 22:11:26,818 INFO o.a.j.t.JMeterThread: Thread is done: 200 Users Mixed Flow 1-9
2026-04-27 22:11:26,818 INFO o.a.j.t.JMeterThread: Thread finished: 200 Users Mixed Flow 1-9
2026-04-27 22:11:26,818 INFO o.a.j.t.JMeterThread: Thread finished: 200 Users Mixed Flow 1-88
2026-04-27 22:11:26,921 INFO o.a.j.t.JMeterThread: Thread is done: 200 Users Mixed Flow 1-38
2026-04-27 22:11:26,924 INFO o.a.j.t.JMeterThread: Thread finished: 200 Users Mixed Flow 1-38
2026-04-27 22:11:27,237 INFO o.a.j.t.JMeterThread: Thread is done: 200 Users Mixed Flow 1-14
2026-04-27 22:11:27,238 INFO o.a.j.t.JMeterThread: Thread finished: 200 Users Mixed Flow 1-14
2026-04-27 22:11:27,272 INFO o.a.j.t.JMeterThread: Thread is done: 200 Users Mixed Flow 1-84
2026-04-27 22:11:27,272 INFO o.a.j.t.JMeterThread: Thread finished: 200 Users Mixed Flow 1-84
2026-04-27 22:11:27,434 INFO o.a.j.t.JMeterThread: Thread is done: 200 Users Mixed Flow 1-45
2026-04-27 22:11:27,434 INFO o.a.j.t.JMeterThread: Thread finished: 200 Users Mixed Flow 1-45
2026-04-27 22:11:28,102 INFO o.a.j.t.JMeterThread: Thread is done: 200 Users Mixed Flow 1-99
2026-04-27 22:11:28,103 INFO o.a.j.t.JMeterThread: Thread is done: 200 Users Mixed Flow 1-78
2026-04-27 22:11:28,103 INFO o.a.j.t.JMeterThread: Thread finished: 200 Users Mixed Flow 1-99
2026-04-27 22:11:28,104 INFO o.a.j.t.JMeterThread: Thread finished: 200 Users Mixed Flow 1-78
2026-04-27 22:11:28,320 INFO o.a.j.t.JMeterThread: Thread is done: 200 Users Mixed Flow 1-107
2026-04-27 22:11:28,320 INFO o.a.j.t.JMeterThread: Thread finished: 200 Users Mixed Flow 1-107
2026-04-27 22:11:28,704 INFO o.a.j.t.JMeterThread: Thread is done: 200 Users Mixed Flow 1-95
2026-04-27 22:11:28,704 INFO o.a.j.t.JMeterThread: Thread finished: 200 Users Mixed Flow 1-95
2026-04-27 22:11:29,530 INFO o.a.j.t.JMeterThread: Thread is done: 200 Users Mixed Flow 1-100
2026-04-27 22:11:29,530 INFO o.a.j.t.JMeterThread: Thread finished: 200 Users Mixed Flow 1-100
2026-04-27 22:11:29,546 INFO o.a.j.t.JMeterThread: Thread is done: 200 Users Mixed Flow 1-52
2026-04-27 22:11:29,546 INFO o.a.j.t.JMeterThread: Thread finished: 200 Users Mixed Flow 1-52
2026-04-27 22:11:29,756 INFO o.a.j.t.JMeterThread: Thread is done: 200 Users Mixed Flow 1-113
2026-04-27 22:11:29,757 INFO o.a.j.t.JMeterThread: Thread finished: 200 Users Mixed Flow 1-113
2026-04-27 22:11:30,041 INFO o.a.j.r.Summariser: summary +   1787 in 00:00:30 =   59.6/s Avg:     7 Min:     0 Max:    33 Err:     0 (0.00%) Active: 46 Started: 200 Finished: 154
2026-04-27 22:11:30,043 INFO o.a.j.r.Summariser: summary =  23454 in 00:04:35 =   85.4/s Avg:     9 Min:     0 Max:  1048 Err:     0 (0.00%)
2026-04-27 22:11:30,127 INFO o.a.j.t.JMeterThread: Thread is done: 200 Users Mixed Flow 1-120
2026-04-27 22:11:30,128 INFO o.a.j.t.JMeterThread: Thread finished: 200 Users Mixed Flow 1-120
2026-04-27 22:11:30,332 INFO o.a.j.t.JMeterThread: Thread is done: 200 Users Mixed Flow 1-98
2026-04-27 22:11:30,332 INFO o.a.j.t.JMeterThread: Thread finished: 200 Users Mixed Flow 1-98
2026-04-27 22:11:31,151 INFO o.a.j.t.JMeterThread: Thread is done: 200 Users Mixed Flow 1-65
2026-04-27 22:11:31,151 INFO o.a.j.t.JMeterThread: Thread finished: 200 Users Mixed Flow 1-65
2026-04-27 22:11:31,297 INFO o.a.j.t.JMeterThread: Thread is done: 200 Users Mixed Flow 1-83
2026-04-27 22:11:31,297 INFO o.a.j.t.JMeterThread: Thread finished: 200 Users Mixed Flow 1-83
2026-04-27 22:11:31,992 INFO o.a.j.t.JMeterThread: Thread is done: 200 Users Mixed Flow 1-105
2026-04-27 22:11:31,992 INFO o.a.j.t.JMeterThread: Thread finished: 200 Users Mixed Flow 1-105
2026-04-27 22:11:32,123 INFO o.a.j.t.JMeterThread: Thread is done: 200 Users Mixed Flow 1-82
2026-04-27 22:11:32,124 INFO o.a.j.t.JMeterThread: Thread finished: 200 Users Mixed Flow 1-82
2026-04-27 22:11:32,406 INFO o.a.j.t.JMeterThread: Thread is done: 200 Users Mixed Flow 1-81
2026-04-27 22:11:32,406 INFO o.a.j.t.JMeterThread: Thread finished: 200 Users Mixed Flow 1-81
2026-04-27 22:11:32,482 INFO o.a.j.t.JMeterThread: Thread is done: 200 Users Mixed Flow 1-87
2026-04-27 22:11:32,482 INFO o.a.j.t.JMeterThread: Thread finished: 200 Users Mixed Flow 1-87
2026-04-27 22:11:34,071 INFO o.a.j.t.JMeterThread: Thread is done: 200 Users Mixed Flow 1-94
2026-04-27 22:11:34,072 INFO o.a.j.t.JMeterThread: Thread finished: 200 Users Mixed Flow 1-94
2026-04-27 22:11:34,731 INFO o.a.j.t.JMeterThread: Thread is done: 200 Users Mixed Flow 1-103
2026-04-27 22:11:34,732 INFO o.a.j.t.JMeterThread: Thread finished: 200 Users Mixed Flow 1-103
2026-04-27 22:11:35,667 INFO o.a.j.t.JMeterThread: Thread is done: 200 Users Mixed Flow 1-115
2026-04-27 22:11:35,667 INFO o.a.j.t.JMeterThread: Thread finished: 200 Users Mixed Flow 1-115
2026-04-27 22:12:00,141 INFO o.a.j.r.Summariser: summary +    373 in 00:00:30 =   12.4/s Avg:     6 Min:     1 Max:    15 Err:     0 (0.00%) Active: 35 Started: 200 Finished: 165
2026-04-27 22:12:00,143 INFO o.a.j.r.Summariser: summary =  23827 in 00:05:05 =   78.2/s Avg:     9 Min:     0 Max:  1048 Err:     0 (0.00%)
2026-04-27 22:12:30,068 INFO o.a.j.r.Summariser: summary +    411 in 00:00:30 =   13.7/s Avg:     6 Min:     1 Max:    11 Err:     0 (0.00%) Active: 35 Started: 200 Finished: 165
2026-04-27 22:12:30,070 INFO o.a.j.r.Summariser: summary =  24238 in 00:05:35 =   72.4/s Avg:     9 Min:     0 Max:  1048 Err:     0 (0.00%)
2026-04-27 22:13:00,007 INFO o.a.j.r.Summariser: summary +    450 in 00:00:30 =   15.0/s Avg:     6 Min:     1 Max:    16 Err:     0 (0.00%) Active: 35 Started: 200 Finished: 165
2026-04-27 22:13:00,009 INFO o.a.j.r.Summariser: summary =  24688 in 00:06:05 =   67.7/s Avg:     9 Min:     0 Max:  1048 Err:     0 (0.00%)
2026-04-27 22:13:16,814 INFO o.a.j.t.JMeterThread: Thread is done: 200 Users Mixed Flow 1-21
2026-04-27 22:13:16,814 INFO o.a.j.t.JMeterThread: Thread is done: 200 Users Mixed Flow 1-22
2026-04-27 22:13:16,816 INFO o.a.j.t.JMeterThread: Thread finished: 200 Users Mixed Flow 1-22
2026-04-27 22:13:16,816 INFO o.a.j.t.JMeterThread: Thread finished: 200 Users Mixed Flow 1-21
2026-04-27 22:13:17,254 INFO o.a.j.t.JMeterThread: Thread is done: 200 Users Mixed Flow 1-13
2026-04-27 22:13:17,254 INFO o.a.j.t.JMeterThread: Thread is done: 200 Users Mixed Flow 1-4
2026-04-27 22:13:17,254 INFO o.a.j.t.JMeterThread: Thread is done: 200 Users Mixed Flow 1-20
2026-04-27 22:13:17,254 INFO o.a.j.t.JMeterThread: Thread is done: 200 Users Mixed Flow 1-11
2026-04-27 22:13:17,255 INFO o.a.j.t.JMeterThread: Thread finished: 200 Users Mixed Flow 1-13
2026-04-27 22:13:17,255 INFO o.a.j.t.JMeterThread: Thread finished: 200 Users Mixed Flow 1-11
2026-04-27 22:13:17,255 INFO o.a.j.t.JMeterThread: Thread finished: 200 Users Mixed Flow 1-4
2026-04-27 22:13:17,255 INFO o.a.j.t.JMeterThread: Thread finished: 200 Users Mixed Flow 1-20
2026-04-27 22:13:17,434 INFO o.a.j.t.JMeterThread: Thread is done: 200 Users Mixed Flow 1-18
2026-04-27 22:13:17,437 INFO o.a.j.t.JMeterThread: Thread finished: 200 Users Mixed Flow 1-18
2026-04-27 22:13:17,691 INFO o.a.j.t.JMeterThread: Thread is done: 200 Users Mixed Flow 1-30
2026-04-27 22:13:17,691 INFO o.a.j.t.JMeterThread: Thread is done: 200 Users Mixed Flow 1-29
2026-04-27 22:13:17,692 INFO o.a.j.t.JMeterThread: Thread finished: 200 Users Mixed Flow 1-30
2026-04-27 22:13:17,692 INFO o.a.j.t.JMeterThread: Thread finished: 200 Users Mixed Flow 1-29
2026-04-27 22:13:18,104 INFO o.a.j.t.JMeterThread: Thread is done: 200 Users Mixed Flow 1-34
2026-04-27 22:13:18,104 INFO o.a.j.t.JMeterThread: Thread finished: 200 Users Mixed Flow 1-34
2026-04-27 22:13:18,579 INFO o.a.j.t.JMeterThread: Thread is done: 200 Users Mixed Flow 1-40
2026-04-27 22:13:18,580 INFO o.a.j.t.JMeterThread: Thread finished: 200 Users Mixed Flow 1-40
2026-04-27 22:13:18,828 INFO o.a.j.t.JMeterThread: Thread is done: 200 Users Mixed Flow 1-43
2026-04-27 22:13:18,828 INFO o.a.j.t.JMeterThread: Thread is done: 200 Users Mixed Flow 1-41
2026-04-27 22:13:18,828 INFO o.a.j.t.JMeterThread: Thread finished: 200 Users Mixed Flow 1-43
2026-04-27 22:13:18,828 INFO o.a.j.t.JMeterThread: Thread finished: 200 Users Mixed Flow 1-41
2026-04-27 22:13:20,127 INFO o.a.j.t.JMeterThread: Thread is done: 200 Users Mixed Flow 1-54
2026-04-27 22:13:20,128 INFO o.a.j.t.JMeterThread: Thread finished: 200 Users Mixed Flow 1-54
2026-04-27 22:13:20,565 INFO o.a.j.t.JMeterThread: Thread is done: 200 Users Mixed Flow 1-57
2026-04-27 22:13:20,565 INFO o.a.j.t.JMeterThread: Thread is done: 200 Users Mixed Flow 1-59
2026-04-27 22:13:20,566 INFO o.a.j.t.JMeterThread: Thread finished: 200 Users Mixed Flow 1-57
2026-04-27 22:13:20,567 INFO o.a.j.t.JMeterThread: Thread finished: 200 Users Mixed Flow 1-59
2026-04-27 22:13:21,117 INFO o.a.j.t.JMeterThread: Thread is done: 200 Users Mixed Flow 1-64
2026-04-27 22:13:21,128 INFO o.a.j.t.JMeterThread: Thread finished: 200 Users Mixed Flow 1-64
2026-04-27 22:13:21,571 INFO o.a.j.t.JMeterThread: Thread is done: 200 Users Mixed Flow 1-68
2026-04-27 22:13:21,573 INFO o.a.j.t.JMeterThread: Thread finished: 200 Users Mixed Flow 1-68
2026-04-27 22:13:21,714 INFO o.a.j.t.JMeterThread: Thread is done: 200 Users Mixed Flow 1-70
2026-04-27 22:13:21,715 INFO o.a.j.t.JMeterThread: Thread finished: 200 Users Mixed Flow 1-70
2026-04-27 22:13:22,176 INFO o.a.j.t.JMeterThread: Thread is done: 200 Users Mixed Flow 1-74
2026-04-27 22:13:22,176 INFO o.a.j.t.JMeterThread: Thread is done: 200 Users Mixed Flow 1-73
2026-04-27 22:13:22,177 INFO o.a.j.t.JMeterThread: Thread finished: 200 Users Mixed Flow 1-74
2026-04-27 22:13:22,177 INFO o.a.j.t.JMeterThread: Thread finished: 200 Users Mixed Flow 1-73
2026-04-27 22:13:22,276 INFO o.a.j.t.JMeterThread: Thread is done: 200 Users Mixed Flow 1-75
2026-04-27 22:13:22,277 INFO o.a.j.t.JMeterThread: Thread finished: 200 Users Mixed Flow 1-75
2026-04-27 22:13:22,575 INFO o.a.j.t.JMeterThread: Thread is done: 200 Users Mixed Flow 1-79
2026-04-27 22:13:22,575 INFO o.a.j.t.JMeterThread: Thread is done: 200 Users Mixed Flow 1-77
2026-04-27 22:13:22,575 INFO o.a.j.t.JMeterThread: Thread finished: 200 Users Mixed Flow 1-79
2026-04-27 22:13:22,576 INFO o.a.j.t.JMeterThread: Thread finished: 200 Users Mixed Flow 1-77
2026-04-27 22:13:23,584 INFO o.a.j.t.JMeterThread: Thread is done: 200 Users Mixed Flow 1-89
2026-04-27 22:13:23,585 INFO o.a.j.t.JMeterThread: Thread finished: 200 Users Mixed Flow 1-89
2026-04-27 22:13:23,721 INFO o.a.j.t.JMeterThread: Thread is done: 200 Users Mixed Flow 1-91
2026-04-27 22:13:23,721 INFO o.a.j.t.JMeterThread: Thread is done: 200 Users Mixed Flow 1-90
2026-04-27 22:13:23,721 INFO o.a.j.t.JMeterThread: Thread finished: 200 Users Mixed Flow 1-91
2026-04-27 22:13:23,721 INFO o.a.j.t.JMeterThread: Thread finished: 200 Users Mixed Flow 1-90
2026-04-27 22:13:24,350 INFO o.a.j.t.JMeterThread: Thread is done: 200 Users Mixed Flow 1-92
2026-04-27 22:13:24,350 INFO o.a.j.t.JMeterThread: Thread finished: 200 Users Mixed Flow 1-92
2026-04-27 22:13:24,794 INFO o.a.j.t.JMeterThread: Thread is done: 200 Users Mixed Flow 1-101
2026-04-27 22:13:24,794 INFO o.a.j.t.JMeterThread: Thread is done: 200 Users Mixed Flow 1-102
2026-04-27 22:13:24,794 INFO o.a.j.t.JMeterThread: Thread finished: 200 Users Mixed Flow 1-102
2026-04-27 22:13:24,794 INFO o.a.j.t.JMeterThread: Thread finished: 200 Users Mixed Flow 1-101
2026-04-27 22:13:25,314 INFO o.a.j.t.JMeterThread: Thread is done: 200 Users Mixed Flow 1-106
2026-04-27 22:13:25,315 INFO o.a.j.t.JMeterThread: Thread finished: 200 Users Mixed Flow 1-106
2026-04-27 22:13:25,846 INFO o.a.j.t.JMeterThread: Thread is done: 200 Users Mixed Flow 1-110
2026-04-27 22:13:25,846 INFO o.a.j.t.JMeterThread: Thread finished: 200 Users Mixed Flow 1-110
2026-04-27 22:13:25,947 INFO o.a.j.t.JMeterThread: Thread is done: 200 Users Mixed Flow 1-112
2026-04-27 22:13:25,948 INFO o.a.j.t.JMeterThread: Thread finished: 200 Users Mixed Flow 1-112
2026-04-27 22:13:26,635 INFO o.a.j.t.JMeterThread: Thread is done: 200 Users Mixed Flow 1-118
2026-04-27 22:13:26,635 INFO o.a.j.t.JMeterThread: Thread finished: 200 Users Mixed Flow 1-118
2026-04-27 22:13:26,733 INFO o.a.j.t.JMeterThread: Thread is done: 200 Users Mixed Flow 1-119
2026-04-27 22:13:26,733 INFO o.a.j.t.JMeterThread: Thread finished: 200 Users Mixed Flow 1-119
2026-04-27 22:13:26,734 INFO o.a.j.e.StandardJMeterEngine: Notifying test listeners of end of test
2026-04-27 22:13:26,735 INFO o.a.j.s.FileServer: Close: perf/jmeter/users.csv
2026-04-27 22:13:26,778 INFO o.a.j.r.Summariser: summary +    361 in 00:00:27 =   13.5/s Avg:     6 Min:     1 Max:    21 Err:     0 (0.00%) Active: 0 Started: 200 Finished: 200
2026-04-27 22:13:26,778 INFO o.a.j.r.Summariser: summary =  25049 in 00:06:31 =   64.0/s Avg:     9 Min:     0 Max:  1048 Err:     0 (0.00%)
